{
  "@odata.next": "https://localhost:5000/odata/v1/"
}
