{
  "errors": [
    {
      "message": "set",
      "type": "InternalError"
    }
  ]
}
