{
  "@odata.context": "https://localhost:5000/odata/v1/"
}
