{
  user(where: { Id: { contains: "Milk" } }) {
    items {
      Id
    }
  }
}
