{
  user(where: { or: { Id: { neq: "Milk" }, Id: { neq: "Sour" } } }) {
    items {
      Id
    }
  }
}
