{
  user(where: { Id: { startsWith: "Milk" } }) {
    items {
      Id
    }
  }
}
