{
  user(where: { ClassRef: { Id: { eq: "Milk" } } }) {
    items {
      Id
    }
  }
}
