{
  user(where: { Age: { neq: 100 } }) {
    items {
      Id
    }
  }
}
