{
  user(where: { Longitude: { eq: 1 } }) {
    items {
      Id
    }
  }
}
