{
  user(where: { Status: { neq: UNDEFINED } }) {
    items {
      Status
    }
  }
}
