{
  user(where: { Id: { eq: null } }) {
    items {
      Id
    }
  }
}
