{
  user(where: { Longitude: { neq: 1 } }) {
    items {
      Id
    }
  }
}
