{
  user(where: { Id: { eq: "1234" } }) {
    items {
      Id
    }
  }
}
