{
  user(where: { IsActive: { neq: true } }) {
    items {
      Id
    }
  }
}
