{
  user(where: { Id: { neq: null } }) {
    items {
      Id
    }
  }
}
