{
  user(Id: { eq: "abc" }) {
    items {
      Id
    }
  }
}
