{
  user(where: { Id: { in: [ "Milk", "Cheese" ] } }) {
    items {
      Id
    }
  }
}
